// Jest Snapshot v1, https://goo.gl/fbAQLP

exports[`Select render select 1`] = `
<select
  className="select"
  onChange={[MockFunction]}
  value="1"
>
  <option
    value="1"
  >
    1
  </option>
  <option
    value="2"
  >
    2
  </option>
  <option
    value="3"
  >
    3
  </option>
</select>
`;
